error: unexpected end of input, expected one of: identifier, `::`, `<`, `_`, literal, `const`, `ref`, `mut`, `&`, parentheses, square brackets, `..`, `const`
 --> tests/html_macro_tests/ifs/if_let_fail.rs:4:5
  |
4 |     html! { if let };
  |     ^^^^^^^^^^^^^^^^
  |
  = note: this error originates in the macro `html` (in Nightly builds, run with -Z macro-backtrace for more info)

error: expected one of: identifier, `::`, `<`, `_`, literal, `const`, `ref`, `mut`, `&`, parentheses, square brackets, `..`, `const`
 --> tests/html_macro_tests/ifs/if_let_fail.rs:5:20
  |
5 |     html! { if let {} };
  |                    ^

error: expected `=`
 --> tests/html_macro_tests/ifs/if_let_fail.rs:6:25
  |
6 |     html! { if let true {}};
  |                         ^

error: expected one of: identifier, `::`, `<`, `_`, literal, `const`, `ref`, `mut`, `&`, parentheses, square brackets, `..`, `const`
 --> tests/html_macro_tests/ifs/if_let_fail.rs:7:20
  |
7 |     html! { if let {} {} };
  |                    ^
